C:\Users\a7501163\Desktop\SDAV\Lab\20161017\lwip_example\implementation\system.ngc 1476720921
C:/Users/a7501163/Desktop/SDAV/Lab/20161017/lwip_example/implementation/system_ethernet_mac_wrapper.ngc 1476720856
C:/Users/a7501163/Desktop/SDAV/Lab/20161017/lwip_example/implementation/system_dip_wrapper.ngc 1476720856
C:/Users/a7501163/Desktop/SDAV/Lab/20161017/lwip_example/implementation/system_usb_uart_wrapper.ngc 1476720856
C:/Users/a7501163/Desktop/SDAV/Lab/20161017/lwip_example/implementation/system_proc_sys_reset_0_wrapper.ngc 1476720855
C:/Users/a7501163/Desktop/SDAV/Lab/20161017/lwip_example/implementation/system_clock_generator_0_wrapper.ngc 1476720880
C:/Users/a7501163/Desktop/SDAV/Lab/20161017/lwip_example/implementation/system_spi_wrapper.ngc 1476720856
C:/Users/a7501163/Desktop/SDAV/Lab/20161017/lwip_example/implementation/system_microblaze_0_ilmb_wrapper.ngc 1476720855
C:/Users/a7501163/Desktop/SDAV/Lab/20161017/lwip_example/implementation/system_microblaze_0_dlmb_wrapper.ngc 1476720856
C:/Users/a7501163/Desktop/SDAV/Lab/20161017/lwip_example/implementation/system_mcb3_lpddr_wrapper.ngc 1476720856
C:/Users/a7501163/Desktop/SDAV/Lab/20161017/lwip_example/implementation/system_axi4lite_0_wrapper.ngc 1476720856
C:/Users/a7501163/Desktop/SDAV/Lab/20161017/lwip_example/implementation/system_axi4_0_wrapper.ngc 1476720856
C:/Users/a7501163/Desktop/SDAV/Lab/20161017/lwip_example/implementation/system_microblaze_0_wrapper.ngc 1476720856
C:/Users/a7501163/Desktop/SDAV/Lab/20161017/lwip_example/implementation/system_microblaze_0_intc_wrapper.ngc 1476720855
C:/Users/a7501163/Desktop/SDAV/Lab/20161017/lwip_example/implementation/system_microblaze_0_i_bram_ctrl_wrapper.ngc 1476720856
C:/Users/a7501163/Desktop/SDAV/Lab/20161017/lwip_example/implementation/system_microblaze_0_d_bram_ctrl_wrapper.ngc 1476720856
C:/Users/a7501163/Desktop/SDAV/Lab/20161017/lwip_example/implementation/system_debug_module_wrapper.ngc 1476720856
C:/Users/a7501163/Desktop/SDAV/Lab/20161017/lwip_example/implementation/system_timer_wrapper.ngc 1476720856
C:/Users/a7501163/Desktop/SDAV/Lab/20161017/lwip_example/implementation/system_led_wrapper.ngc 1476720856
C:/Users/a7501163/Desktop/SDAV/Lab/20161017/lwip_example/implementation/system_microblaze_0_bram_block_wrapper.ngc 1476720856
OK
