18:34:48 **** Build of project standalone_bsp_0 ****
make -k all 
libgen -hw ../lwip_example_hw_platform/system.xml\
	       \
	       -pe microblaze_0 \
	       -log libgen.log \
	       system.mss
libgen
Xilinx EDK 14.7 Build EDK_P.20131013
Copyright (c) 1995-2012 Xilinx, Inc.  All rights reserved.

Command Line: libgen -hw ../lwip_example_hw_platform/system.xml -pe microblaze_0
-log libgen.log system.mss 


Staging source files.
Running DRCs.
Runnning DRC for lwIP library... 



lwIP can be used with the following EMAC peripherals found in your system:
ethernet_mac

MFS DRC ...

Running generate.
Little Endian system

MFS generate ...

Running post_generate.
Running include - 'make -s include "COMPILER=mb-gcc" "ARCHIVER=mb-ar"
"COMPILER_FLAGS=-mlittle-endian -mno-xl-soft-mul -mxl-barrel-shift
-mxl-pattern-compare -mno-xl-soft-div -mcpu=v8.50.c  -O2 -c"
"EXTRA_COMPILER_FLAGS=-g -ffunction-sections -fdata-sections"'.

Running libs - 'make -s libs "COMPILER=mb-gcc" "ARCHIVER=mb-ar"
"COMPILER_FLAGS=-mlittle-endian -mno-xl-soft-mul -mxl-barrel-shift
-mxl-pattern-compare -mno-xl-soft-div -mcpu=v8.50.c  -O2 -c"
"EXTRA_COMPILER_FLAGS=-g -ffunction-sections -fdata-sections"'.
Compiling common
Compiling standalone
Compiling lwIP
Compiling lwIP adapter for Xilinx MAC
Creating archive liblwip4.a
Compiling uartlite
Compiling gpio
Compiling emaclite
Compiling bram
Compiling intc
Compiling spi
Compiling tmrctr
Compiling cpu
Running execs_generate.
Finished building libraries
18:38:22 **** Build of project standalone_bsp_0 ****
make -k all 
libgen -hw ../lwip_example_hw_platform/system.xml\
	       \
	       -pe microblaze_0 \
	       -log libgen.log \
	       system.mss
libgen
Xilinx EDK 14.7 Build EDK_P.20131013
Copyright (c) 1995-2012 Xilinx, Inc.  All rights reserved.

Command Line: libgen -hw ../lwip_example_hw_platform/system.xml -pe microblaze_0
-log libgen.log system.mss 


Staging source files.
Running DRCs.
Runnning DRC for lwIP library... 



lwIP can be used with the following EMAC peripherals found in your system:
ethernet_mac

MFS DRC ...

Running generate.
Little Endian system

MFS generate ...

Running post_generate.
Running include - 'make -s include "COMPILER=mb-gcc" "ARCHIVER=mb-ar"
"COMPILER_FLAGS=-mlittle-endian -mno-xl-soft-mul -mxl-barrel-shift
-mxl-pattern-compare -mno-xl-soft-div -mcpu=v8.50.c  -O2 -c"
"EXTRA_COMPILER_FLAGS=-g -ffunction-sections -fdata-sections"'.

Running libs - 'make -s libs "COMPILER=mb-gcc" "ARCHIVER=mb-ar"
"COMPILER_FLAGS=-mlittle-endian -mno-xl-soft-mul -mxl-barrel-shift
-mxl-pattern-compare -mno-xl-soft-div -mcpu=v8.50.c  -O2 -c"
"EXTRA_COMPILER_FLAGS=-g -ffunction-sections -fdata-sections"'.
Compiling common
Compiling standalone
Compiling lwIP
Compiling lwIP adapter for Xilinx MAC
Creating archive liblwip4.a
Compiling uartlite
Compiling gpio
Compiling emaclite
Compiling bram
Compiling intc
Compiling spi
Compiling tmrctr
Compiling cpu
Running execs_generate.
Finished building libraries

**** Build of configuration Debug for project raw_apps ****

Nothing to build for project raw_apps
18:40:31 **** Auto Build of configuration Debug for project raw_apps ****
make all 
Building file: ../src/dispatch.c
Invoking: MicroBlaze gcc compiler
mb-gcc -Wall -O0 -g3 -c -fmessage-length=0 -I../../standalone_bsp_0/microblaze_0/include -mlittle-endian -mxl-barrel-shift -mxl-pattern-compare -mno-xl-soft-div -mcpu=v8.50.c -mno-xl-soft-mul -Wl,--no-relax -ffunction-sections -fdata-sections -MMD -MP -MF"src/dispatch.d" -MT"src/dispatch.d" -o "src/dispatch.o" "../src/dispatch.c"
Finished building: ../src/dispatch.c
 
Building file: ../src/echo.c
Invoking: MicroBlaze gcc compiler
mb-gcc -Wall -O0 -g3 -c -fmessage-length=0 -I../../standalone_bsp_0/microblaze_0/include -mlittle-endian -mxl-barrel-shift -mxl-pattern-compare -mno-xl-soft-div -mcpu=v8.50.c -mno-xl-soft-mul -Wl,--no-relax -ffunction-sections -fdata-sections -MMD -MP -MF"src/echo.d" -MT"src/echo.d" -o "src/echo.o" "../src/echo.c"
Finished building: ../src/echo.c
 
Building file: ../src/http_response.c
Invoking: MicroBlaze gcc compiler
mb-gcc -Wall -O0 -g3 -c -fmessage-length=0 -I../../standalone_bsp_0/microblaze_0/include -mlittle-endian -mxl-barrel-shift -mxl-pattern-compare -mno-xl-soft-div -mcpu=v8.50.c -mno-xl-soft-mul -Wl,--no-relax -ffunction-sections -fdata-sections -MMD -MP -MF"src/http_response.d" -MT"src/http_response.d" -o "src/http_response.o" "../src/http_response.c"
Finished building: ../src/http_response.c
 
Building file: ../src/main.c
Invoking: MicroBlaze gcc compiler
mb-gcc -Wall -O0 -g3 -c -fmessage-length=0 -I../../standalone_bsp_0/microblaze_0/include -mlittle-endian -mxl-barrel-shift -mxl-pattern-compare -mno-xl-soft-div -mcpu=v8.50.c -mno-xl-soft-mul -Wl,--no-relax -ffunction-sections -fdata-sections -MMD -MP -MF"src/main.d" -MT"src/main.d" -o "src/main.o" "../src/main.c"
Finished building: ../src/main.c
 
Building file: ../src/platform.c
Invoking: MicroBlaze gcc compiler
mb-gcc -Wall -O0 -g3 -c -fmessage-length=0 -I../../standalone_bsp_0/microblaze_0/include -mlittle-endian -mxl-barrel-shift -mxl-pattern-compare -mno-xl-soft-div -mcpu=v8.50.c -mno-xl-soft-mul -Wl,--no-relax -ffunction-sections -fdata-sections -MMD -MP -MF"src/platform.d" -MT"src/platform.d" -o "src/platform.o" "../src/platform.c"
Finished building: ../src/platform.c
 
Building file: ../src/platform_fs.c
Invoking: MicroBlaze gcc compiler
mb-gcc -Wall -O0 -g3 -c -fmessage-length=0 -I../../standalone_bsp_0/microblaze_0/include -mlittle-endian -mxl-barrel-shift -mxl-pattern-compare -mno-xl-soft-div -mcpu=v8.50.c -mno-xl-soft-mul -Wl,--no-relax -ffunction-sections -fdata-sections -MMD -MP -MF"src/platform_fs.d" -MT"src/platform_fs.d" -o "src/platform_fs.o" "../src/platform_fs.c"
Finished building: ../src/platform_fs.c
 
Building file: ../src/platform_gpio.c
Invoking: MicroBlaze gcc compiler
mb-gcc -Wall -O0 -g3 -c -fmessage-length=0 -I../../standalone_bsp_0/microblaze_0/include -mlittle-endian -mxl-barrel-shift -mxl-pattern-compare -mno-xl-soft-div -mcpu=v8.50.c -mno-xl-soft-mul -Wl,--no-relax -ffunction-sections -fdata-sections -MMD -MP -MF"src/platform_gpio.d" -MT"src/platform_gpio.d" -o "src/platform_gpio.o" "../src/platform_gpio.c"
Finished building: ../src/platform_gpio.c
 
Building file: ../src/prot_malloc.c
Invoking: MicroBlaze gcc compiler
mb-gcc -Wall -O0 -g3 -c -fmessage-length=0 -I../../standalone_bsp_0/microblaze_0/include -mlittle-endian -mxl-barrel-shift -mxl-pattern-compare -mno-xl-soft-div -mcpu=v8.50.c -mno-xl-soft-mul -Wl,--no-relax -ffunction-sections -fdata-sections -MMD -MP -MF"src/prot_malloc.d" -MT"src/prot_malloc.d" -o "src/prot_malloc.o" "../src/prot_malloc.c"
Finished building: ../src/prot_malloc.c
 
Building file: ../src/rxperf.c
Invoking: MicroBlaze gcc compiler
mb-gcc -Wall -O0 -g3 -c -fmessage-length=0 -I../../standalone_bsp_0/microblaze_0/include -mlittle-endian -mxl-barrel-shift -mxl-pattern-compare -mno-xl-soft-div -mcpu=v8.50.c -mno-xl-soft-mul -Wl,--no-relax -ffunction-sections -fdata-sections -MMD -MP -MF"src/rxperf.d" -MT"src/rxperf.d" -o "src/rxperf.o" "../src/rxperf.c"
Finished building: ../src/rxperf.c
 
Building file: ../src/tftpserver.c
Invoking: MicroBlaze gcc compiler
mb-gcc -Wall -O0 -g3 -c -fmessage-length=0 -I../../standalone_bsp_0/microblaze_0/include -mlittle-endian -mxl-barrel-shift -mxl-pattern-compare -mno-xl-soft-div -mcpu=v8.50.c -mno-xl-soft-mul -Wl,--no-relax -ffunction-sections -fdata-sections -MMD -MP -MF"src/tftpserver.d" -MT"src/tftpserver.d" -o "src/tftpserver.o" "../src/tftpserver.c"
Finished building: ../src/tftpserver.c
 
Building file: ../src/tftputils.c
Invoking: MicroBlaze gcc compiler
mb-gcc -Wall -O0 -g3 -c -fmessage-length=0 -I../../standalone_bsp_0/microblaze_0/include -mlittle-endian -mxl-barrel-shift -mxl-pattern-compare -mno-xl-soft-div -mcpu=v8.50.c -mno-xl-soft-mul -Wl,--no-relax -ffunction-sections -fdata-sections -MMD -MP -MF"src/tftputils.d" -MT"src/tftputils.d" -o "src/tftputils.o" "../src/tftputils.c"
Finished building: ../src/tftputils.c
 
Building file: ../src/txperf.c
Invoking: MicroBlaze gcc compiler
mb-gcc -Wall -O0 -g3 -c -fmessage-length=0 -I../../standalone_bsp_0/microblaze_0/include -mlittle-endian -mxl-barrel-shift -mxl-pattern-compare -mno-xl-soft-div -mcpu=v8.50.c -mno-xl-soft-mul -Wl,--no-relax -ffunction-sections -fdata-sections -MMD -MP -MF"src/txperf.d" -MT"src/txperf.d" -o "src/txperf.o" "../src/txperf.c"
Finished building: ../src/txperf.c
 
Building file: ../src/urxperf.c
Invoking: MicroBlaze gcc compiler
mb-gcc -Wall -O0 -g3 -c -fmessage-length=0 -I../../standalone_bsp_0/microblaze_0/include -mlittle-endian -mxl-barrel-shift -mxl-pattern-compare -mno-xl-soft-div -mcpu=v8.50.c -mno-xl-soft-mul -Wl,--no-relax -ffunction-sections -fdata-sections -MMD -MP -MF"src/urxperf.d" -MT"src/urxperf.d" -o "src/urxperf.o" "../src/urxperf.c"
Finished building: ../src/urxperf.c
 
Building file: ../src/utxperf.c
Invoking: MicroBlaze gcc compiler
mb-gcc -Wall -O0 -g3 -c -fmessage-length=0 -I../../standalone_bsp_0/microblaze_0/include -mlittle-endian -mxl-barrel-shift -mxl-pattern-compare -mno-xl-soft-div -mcpu=v8.50.c -mno-xl-soft-mul -Wl,--no-relax -ffunction-sections -fdata-sections -MMD -MP -MF"src/utxperf.d" -MT"src/utxperf.d" -o "src/utxperf.o" "../src/utxperf.c"
Finished building: ../src/utxperf.c
 
Building file: ../src/web_utils.c
Invoking: MicroBlaze gcc compiler
mb-gcc -Wall -O0 -g3 -c -fmessage-length=0 -I../../standalone_bsp_0/microblaze_0/include -mlittle-endian -mxl-barrel-shift -mxl-pattern-compare -mno-xl-soft-div -mcpu=v8.50.c -mno-xl-soft-mul -Wl,--no-relax -ffunction-sections -fdata-sections -MMD -MP -MF"src/web_utils.d" -MT"src/web_utils.d" -o "src/web_utils.o" "../src/web_utils.c"
Finished building: ../src/web_utils.c
 
Building file: ../src/webserver.c
Invoking: MicroBlaze gcc compiler
mb-gcc -Wall -O0 -g3 -c -fmessage-length=0 -I../../standalone_bsp_0/microblaze_0/include -mlittle-endian -mxl-barrel-shift -mxl-pattern-compare -mno-xl-soft-div -mcpu=v8.50.c -mno-xl-soft-mul -Wl,--no-relax -ffunction-sections -fdata-sections -MMD -MP -MF"src/webserver.d" -MT"src/webserver.d" -o "src/webserver.o" "../src/webserver.c"
Finished building: ../src/webserver.c
 
Building target: raw_apps.elf
Invoking: MicroBlaze gcc linker
mb-gcc -Wl,-T -Wl,../src/lscript.ld -L../../standalone_bsp_0/microblaze_0/lib -mlittle-endian -mxl-barrel-shift -mxl-pattern-compare -mno-xl-soft-div -mcpu=v8.50.c -mno-xl-soft-mul -Wl,--no-relax -Wl,--gc-sections -o "raw_apps.elf"  ./src/dispatch.o ./src/echo.o ./src/http_response.o ./src/main.o ./src/platform.o ./src/platform_fs.o ./src/platform_gpio.o ./src/prot_malloc.o ./src/rxperf.o ./src/tftpserver.o ./src/tftputils.o ./src/txperf.o ./src/urxperf.o ./src/utxperf.o ./src/web_utils.o ./src/webserver.o   -Wl,--start-group,-lxil,-lgcc,-lc,--end-group -Wl,--start-group,-lxil,-llwip4,-lgcc,-lc,--end-group
Finished building target: raw_apps.elf
 
Invoking: MicroBlaze Print Size
mb-size raw_apps.elf  |tee "raw_apps.elf.size"
   text	   data	    bss	    dec	    hex	filename
 161548	   1624	2434212	2597384	 27a208	raw_apps.elf
Finished building: raw_apps.elf.size
 
Invoking: Xilinx ELF Check
elfcheck raw_apps.elf -hw ../../lwip_example_hw_platform/system.xml -pe microblaze_0  |tee "raw_apps.elf.elfcheck"
elfcheck
Xilinx EDK 14.7 Build EDK_P.20131013
Copyright (c) 1995-2012 Xilinx, Inc.  All rights reserved.

Command Line: elfcheck -hw ../../lwip_example_hw_platform/system.xml -pe
microblaze_0 raw_apps.elf 

ELF file	: raw_apps.elf
elfcheck passed.
Finished building: raw_apps.elf.elfcheck
 
18:41:40 **** Auto Build of configuration Debug for project raw_apps ****
make all 
Building file: ../src/webserver.c
Invoking: MicroBlaze gcc compiler
mb-gcc -Wall -O0 -g3 -c -fmessage-length=0 -I../../standalone_bsp_0/microblaze_0/include -mlittle-endian -mxl-barrel-shift -mxl-pattern-compare -mno-xl-soft-div -mcpu=v8.50.c -mno-xl-soft-mul -Wl,--no-relax -ffunction-sections -fdata-sections -MMD -MP -MF"src/webserver.d" -MT"src/webserver.d" -o "src/webserver.o" "../src/webserver.c"
Finished building: ../src/webserver.c
 
Building target: raw_apps.elf
Invoking: MicroBlaze gcc linker
mb-gcc -Wl,-T -Wl,../src/lscript.ld -L../../standalone_bsp_0/microblaze_0/lib -mlittle-endian -mxl-barrel-shift -mxl-pattern-compare -mno-xl-soft-div -mcpu=v8.50.c -mno-xl-soft-mul -Wl,--no-relax -Wl,--gc-sections -o "raw_apps.elf"  ./src/dispatch.o ./src/echo.o ./src/http_response.o ./src/main.o ./src/platform.o ./src/platform_fs.o ./src/platform_gpio.o ./src/prot_malloc.o ./src/rxperf.o ./src/tftpserver.o ./src/tftputils.o ./src/txperf.o ./src/urxperf.o ./src/utxperf.o ./src/web_utils.o ./src/webserver.o   -Wl,--start-group,-lxil,-lgcc,-lc,--end-group -Wl,--start-group,-lxil,-llwip4,-lgcc,-lc,--end-group
Finished building target: raw_apps.elf
 
Invoking: MicroBlaze Print Size
mb-size raw_apps.elf  |tee "raw_apps.elf.size"
   text	   data	    bss	    dec	    hex	filename
 161632	   1624	2434208	2597464	 27a258	raw_apps.elf
Finished building: raw_apps.elf.size
 
Invoking: Xilinx ELF Check
elfcheck raw_apps.elf -hw ../../lwip_example_hw_platform/system.xml -pe microblaze_0  |tee "raw_apps.elf.elfcheck"
elfcheck
Xilinx EDK 14.7 Build EDK_P.20131013
Copyright (c) 1995-2012 Xilinx, Inc.  All rights reserved.

Command Line: elfcheck -hw ../../lwip_example_hw_platform/system.xml -pe
microblaze_0 raw_apps.elf 

ELF file	: raw_apps.elf
elfcheck passed.
Finished building: raw_apps.elf.elfcheck
 
18:44:14 **** Auto Build of project standalone_bsp_0 ****
make -k all 
Finished building libraries
18:48:05 **** Incremental Build of configuration Debug for project raw_apps ****
make all 
make: No se hace nada para `all'.
18:50:18 **** Auto Build of project standalone_bsp_0 ****
make -k all 
Finished building libraries
18:50:25 **** Incremental Build of configuration Debug for project raw_apps ****
make all 
make: No se hace nada para `all'.
18:50:49 **** Incremental Build of configuration Debug for project raw_apps ****
make all 
make: No se hace nada para `all'.
18:52:04 **** Auto Build of project standalone_bsp_0 ****
make -k all 
Finished building libraries
18:52:22 **** Incremental Build of configuration Debug for project raw_apps ****
make all 
make: No se hace nada para `all'.
18:57:28 **** Auto Build of project standalone_bsp_0 ****
make -k all 
Finished building libraries
18:58:04 **** Incremental Build of configuration Debug for project raw_apps ****
make all 
make: No se hace nada para `all'.
19:03:56 **** Auto Build of project standalone_bsp_0 ****
make -k all 
Finished building libraries
19:04:14 **** Incremental Build of configuration Debug for project raw_apps ****
make all 
make: No se hace nada para `all'.
19:08:32 **** Auto Build of project standalone_bsp_0 ****
make -k all 
Finished building libraries
19:09:11 **** Auto Build of project standalone_bsp_0 ****
make -k all 
Finished building libraries
19:09:51 **** Incremental Build of configuration Debug for project raw_apps ****
make all 
make: No se hace nada para `all'.
19:11:59 **** Auto Build of project standalone_bsp_0 ****
make -k all 
Finished building libraries
19:12:08 **** Incremental Build of configuration Debug for project raw_apps ****
make all 
make: No se hace nada para `all'.
19:13:32 **** Incremental Build of configuration Debug for project raw_apps ****
make all 
make: No se hace nada para `all'.
19:16:32 **** Auto Build of project standalone_bsp_0 ****
make -k all 
Finished building libraries
19:17:01 **** Incremental Build of configuration Debug for project raw_apps ****
make all 
make: No se hace nada para `all'.
19:28:59 **** Auto Build of project standalone_bsp_0 ****
make -k all 
Finished building libraries
19:29:03 **** Incremental Build of configuration Debug for project raw_apps ****
make all 
make: No se hace nada para `all'.
19:40:06 **** Auto Build of project standalone_bsp_0 ****
make -k all 
Finished building libraries
19:40:22 **** Incremental Build of configuration Debug for project raw_apps ****
make all 
make: No se hace nada para `all'.
